============================= test session starts =============================
platform win32 -- Python 3.13.9, pytest-9.0.2, pluggy-1.6.0
rootdir: C:\Users\admin\Desktop\gym agent\backend
plugins: anyio-4.12.1, asyncio-1.3.0
asyncio: mode=Mode.STRICT, debug=False, asyncio_default_fixture_loop_scope=None, asyncio_default_test_loop_scope=function
collected 5 items

test_main.py FFFF.                                                       [100%]

================================== FAILURES ===================================
______________________________ test_health_check ______________________________
test_main.py:17: in test_health_check
    assert response.status_code == 200
E   assert 404 == 200
E    +  where 404 = <Response [404 Not Found]>.status_code
_______________________________ test_auth_flow ________________________________
venv\Lib\site-packages\sqlalchemy\engine\base.py:1967: in _exec_single_context
    self.dialect.do_execute(
venv\Lib\site-packages\sqlalchemy\engine\default.py:952: in do_execute
    cursor.execute(statement, parameters)
E   sqlite3.OperationalError: no such column: users.email

The above exception was the direct cause of the following exception:
test_main.py:28: in test_auth_flow
    response = client.post("/register", json=reg_data)
               ^^^^^^^^^^^^^^^^^^^^^^^^^^^^^^^^^^^^^^^
venv\Lib\site-packages\starlette\testclient.py:546: in post
    return super().post(
venv\Lib\site-packages\httpx\_client.py:1144: in post
    return self.request(
venv\Lib\site-packages\starlette\testclient.py:445: in request
    return super().request(
venv\Lib\site-packages\httpx\_client.py:825: in request
    return self.send(request, auth=auth, follow_redirects=follow_redirects)
           ^^^^^^^^^^^^^^^^^^^^^^^^^^^^^^^^^^^^^^^^^^^^^^^^^^^^^^^^^^^^^^^^
venv\Lib\site-packages\httpx\_client.py:914: in send
    response = self._send_handling_auth(
venv\Lib\site-packages\httpx\_client.py:942: in _send_handling_auth
    response = self._send_handling_redirects(
venv\Lib\site-packages\httpx\_client.py:979: in _send_handling_redirects
    response = self._send_single_request(request)
               ^^^^^^^^^^^^^^^^^^^^^^^^^^^^^^^^^^
venv\Lib\site-packages\httpx\_client.py:1014: in _send_single_request
    response = transport.handle_request(request)
               ^^^^^^^^^^^^^^^^^^^^^^^^^^^^^^^^^
venv\Lib\site-packages\starlette\testclient.py:348: in handle_request
    raise exc
venv\Lib\site-packages\starlette\testclient.py:345: in handle_request
    portal.call(self.app, scope, receive, send)
venv\Lib\site-packages\anyio\from_thread.py:334: in call
    return cast(T_Retval, self.start_task_soon(func, *args).result())
                          ^^^^^^^^^^^^^^^^^^^^^^^^^^^^^^^^^^^^^^^^^^
C:\ProgramData\anaconda3\Lib\concurrent\futures\_base.py:456: in result
    return self.__get_result()
           ^^^^^^^^^^^^^^^^^^^
C:\ProgramData\anaconda3\Lib\concurrent\futures\_base.py:401: in __get_result
    raise self._exception
venv\Lib\site-packages\anyio\from_thread.py:259: in _call_func
    retval = await retval_or_awaitable
             ^^^^^^^^^^^^^^^^^^^^^^^^^
venv\Lib\site-packages\fastapi\applications.py:1160: in __call__
    await super().__call__(scope, receive, send)
venv\Lib\site-packages\starlette\applications.py:107: in __call__
    await self.middleware_stack(scope, receive, send)
venv\Lib\site-packages\starlette\middleware\errors.py:186: in __call__
    raise exc
venv\Lib\site-packages\starlette\middleware\errors.py:164: in __call__
    await self.app(scope, receive, _send)
venv\Lib\site-packages\starlette\middleware\cors.py:87: in __call__
    await self.app(scope, receive, send)
venv\Lib\site-packages\starlette\middleware\exceptions.py:63: in __call__
    await wrap_app_handling_exceptions(self.app, conn)(scope, receive, send)
venv\Lib\site-packages\starlette\_exception_handler.py:53: in wrapped_app
    raise exc
venv\Lib\site-packages\starlette\_exception_handler.py:42: in wrapped_app
    await app(scope, receive, sender)
venv\Lib\site-packages\fastapi\middleware\asyncexitstack.py:18: in __call__
    await self.app(scope, receive, send)
venv\Lib\site-packages\starlette\routing.py:716: in __call__
    await self.middleware_stack(scope, receive, send)
venv\Lib\site-packages\starlette\routing.py:736: in app
    await route.handle(scope, receive, send)
venv\Lib\site-packages\starlette\routing.py:290: in handle
    await self.app(scope, receive, send)
venv\Lib\site-packages\fastapi\routing.py:130: in app
    await wrap_app_handling_exceptions(app, request)(scope, receive, send)
venv\Lib\site-packages\starlette\_exception_handler.py:53: in wrapped_app
    raise exc
venv\Lib\site-packages\starlette\_exception_handler.py:42: in wrapped_app
    await app(scope, receive, sender)
venv\Lib\site-packages\fastapi\routing.py:116: in app
    response = await f(request)
               ^^^^^^^^^^^^^^^^
venv\Lib\site-packages\fastapi\routing.py:670: in app
    raw_response = await run_endpoint_function(
venv\Lib\site-packages\fastapi\routing.py:324: in run_endpoint_function
    return await dependant.call(**values)
           ^^^^^^^^^^^^^^^^^^^^^^^^^^^^^^
main.py:171: in register
    if db.query(User).filter(User.username == user.username).first():
       ^^^^^^^^^^^^^^^^^^^^^^^^^^^^^^^^^^^^^^^^^^^^^^^^^^^^^^^^^^^^^
venv\Lib\site-packages\sqlalchemy\orm\query.py:2759: in first
    return self.limit(1)._iter().first()  # type: ignore
           ^^^^^^^^^^^^^^^^^^^^^
venv\Lib\site-packages\sqlalchemy\orm\query.py:2857: in _iter
    result: Union[ScalarResult[_T], Result[_T]] = self.session.execute(
venv\Lib\site-packages\sqlalchemy\orm\session.py:2351: in execute
    return self._execute_internal(
venv\Lib\site-packages\sqlalchemy\orm\session.py:2249: in _execute_internal
    result: Result[Any] = compile_state_cls.orm_execute_statement(
venv\Lib\site-packages\sqlalchemy\orm\context.py:306: in orm_execute_statement
    result = conn.execute(
venv\Lib\site-packages\sqlalchemy\engine\base.py:1419: in execute
    return meth(
venv\Lib\site-packages\sqlalchemy\sql\elements.py:527: in _execute_on_connection
    return connection._execute_clauseelement(
venv\Lib\site-packages\sqlalchemy\engine\base.py:1641: in _execute_clauseelement
    ret = self._execute_context(
venv\Lib\site-packages\sqlalchemy\engine\base.py:1846: in _execute_context
    return self._exec_single_context(
venv\Lib\site-packages\sqlalchemy\engine\base.py:1986: in _exec_single_context
    self._handle_dbapi_exception(
venv\Lib\site-packages\sqlalchemy\engine\base.py:2363: in _handle_dbapi_exception
    raise sqlalchemy_exception.with_traceback(exc_info[2]) from e
venv\Lib\site-packages\sqlalchemy\engine\base.py:1967: in _exec_single_context
    self.dialect.do_execute(
venv\Lib\site-packages\sqlalchemy\engine\default.py:952: in do_execute
    cursor.execute(statement, parameters)
E   sqlalchemy.exc.OperationalError: (sqlite3.OperationalError) no such column: users.email
E   [SQL: SELECT users.id AS users_id, users.username AS users_username, users.email AS users_email, users.hashed_password AS users_hashed_password, users.weight AS users_weight, users.height AS users_height, users.fitness_level AS users_fitness_level, users.is_verified AS users_is_verified, users.otp_code AS users_otp_code, users.otp_expiry AS users_otp_expiry, users.created_at AS users_created_at 
E   FROM users 
E   WHERE users.username = ?
E    LIMIT ? OFFSET ?]
E   [parameters: ('testuser', 1, 0)]
E   (Background on this error at: https://sqlalche.me/e/20/e3q8)
_________________________ test_workout_recalibration __________________________
test_main.py:40: in test_workout_recalibration
    assert response.status_code == 200
E   assert 405 == 200
E    +  where 405 = <Response [405 Method Not Allowed]>.status_code
_________________________ test_diet_prediction_empty __________________________
test_main.py:45: in test_diet_prediction_empty
    response = client.get("/predict-diet?user_id=999")
               ^^^^^^^^^^^^^^^^^^^^^^^^^^^^^^^^^^^^^^^
venv\Lib\site-packages\starlette\testclient.py:473: in get
    return super().get(
venv\Lib\site-packages\httpx\_client.py:1053: in get
    return self.request(
venv\Lib\site-packages\starlette\testclient.py:445: in request
    return super().request(
venv\Lib\site-packages\httpx\_client.py:825: in request
    return self.send(request, auth=auth, follow_redirects=follow_redirects)
           ^^^^^^^^^^^^^^^^^^^^^^^^^^^^^^^^^^^^^^^^^^^^^^^^^^^^^^^^^^^^^^^^
venv\Lib\site-packages\httpx\_client.py:914: in send
    response = self._send_handling_auth(
venv\Lib\site-packages\httpx\_client.py:942: in _send_handling_auth
    response = self._send_handling_redirects(
venv\Lib\site-packages\httpx\_client.py:979: in _send_handling_redirects
    response = self._send_single_request(request)
               ^^^^^^^^^^^^^^^^^^^^^^^^^^^^^^^^^^
venv\Lib\site-packages\httpx\_client.py:1014: in _send_single_request
    response = transport.handle_request(request)
               ^^^^^^^^^^^^^^^^^^^^^^^^^^^^^^^^^
venv\Lib\site-packages\starlette\testclient.py:348: in handle_request
    raise exc
venv\Lib\site-packages\starlette\testclient.py:345: in handle_request
    portal.call(self.app, scope, receive, send)
venv\Lib\site-packages\anyio\from_thread.py:334: in call
    return cast(T_Retval, self.start_task_soon(func, *args).result())
                          ^^^^^^^^^^^^^^^^^^^^^^^^^^^^^^^^^^^^^^^^^^
C:\ProgramData\anaconda3\Lib\concurrent\futures\_base.py:456: in result
    return self.__get_result()
           ^^^^^^^^^^^^^^^^^^^
C:\ProgramData\anaconda3\Lib\concurrent\futures\_base.py:401: in __get_result
    raise self._exception
venv\Lib\site-packages\anyio\from_thread.py:259: in _call_func
    retval = await retval_or_awaitable
             ^^^^^^^^^^^^^^^^^^^^^^^^^
venv\Lib\site-packages\fastapi\applications.py:1160: in __call__
    await super().__call__(scope, receive, send)
venv\Lib\site-packages\starlette\applications.py:107: in __call__
    await self.middleware_stack(scope, receive, send)
venv\Lib\site-packages\starlette\middleware\errors.py:186: in __call__
    raise exc
venv\Lib\site-packages\starlette\middleware\errors.py:164: in __call__
    await self.app(scope, receive, _send)
venv\Lib\site-packages\starlette\middleware\cors.py:87: in __call__
    await self.app(scope, receive, send)
venv\Lib\site-packages\starlette\middleware\exceptions.py:63: in __call__
    await wrap_app_handling_exceptions(self.app, conn)(scope, receive, send)
venv\Lib\site-packages\starlette\_exception_handler.py:53: in wrapped_app
    raise exc
venv\Lib\site-packages\starlette\_exception_handler.py:42: in wrapped_app
    await app(scope, receive, sender)
venv\Lib\site-packages\fastapi\middleware\asyncexitstack.py:18: in __call__
    await self.app(scope, receive, send)
venv\Lib\site-packages\starlette\routing.py:716: in __call__
    await self.middleware_stack(scope, receive, send)
venv\Lib\site-packages\starlette\routing.py:736: in app
    await route.handle(scope, receive, send)
venv\Lib\site-packages\starlette\routing.py:290: in handle
    await self.app(scope, receive, send)
venv\Lib\site-packages\fastapi\routing.py:130: in app
    await wrap_app_handling_exceptions(app, request)(scope, receive, send)
venv\Lib\site-packages\starlette\_exception_handler.py:53: in wrapped_app
    raise exc
venv\Lib\site-packages\starlette\_exception_handler.py:42: in wrapped_app
    await app(scope, receive, sender)
venv\Lib\site-packages\fastapi\routing.py:116: in app
    response = await f(request)
               ^^^^^^^^^^^^^^^^
venv\Lib\site-packages\fastapi\routing.py:670: in app
    raw_response = await run_endpoint_function(
venv\Lib\site-packages\fastapi\routing.py:324: in run_endpoint_function
    return await dependant.call(**values)
           ^^^^^^^^^^^^^^^^^^^^^^^^^^^^^^
main.py:257: in predict_diet
    session = db.query(WorkoutSession).filter(WorkoutSession.user_id == user_id).order_by(WorkoutSession.created_at.desc()).first()
                                                                                          ^^^^^^^^^^^^^^^^^^^^^^^^^
E   AttributeError: type object 'WorkoutSession' has no attribute 'created_at'
============================== warnings summary ===============================
database.py:10
  C:\Users\admin\Desktop\gym agent\backend\database.py:10: MovedIn20Warning: The ``declarative_base()`` function is now available as sqlalchemy.orm.declarative_base(). (deprecated since: 2.0) (Background on SQLAlchemy 2.0 at: https://sqlalche.me/e/b8d9)
    Base = declarative_base()

-- Docs: https://docs.pytest.org/en/stable/how-to/capture-warnings.html
=========================== short test summary info ===========================
FAILED test_main.py::test_health_check - assert 404 == 200
FAILED test_main.py::test_auth_flow - sqlalchemy.exc.OperationalError: (sqlit...
FAILED test_main.py::test_workout_recalibration - assert 405 == 200
FAILED test_main.py::test_diet_prediction_empty - AttributeError: type object...
=================== 4 failed, 1 passed, 1 warning in 4.82s ====================
